  emptyObjectVar evaluates to false

  objectVar evaluates to true
