{"textVar": "some text","listVar": ["a", "list"], "noNumVar": "2"}
