 * item #1 (- 2) / 2, 0-based: 0 (- 1)
    is the first
 * item #2 (- 1) / 2, 0-based: 1 (- 0)
    is the last
